Component: ARM Compiler 5.05 update 2 (build 169) Tool: armlink [4d0f33]

==============================================================================

Section Cross References

    main.o(i.main) refers to delay.o(i.delay_init) for delay_init
    main.o(i.main) refers to bsp_led.o(i.bsp_led_init) for bsp_led_init
    main.o(i.main) refers to bsp_spi.o(i.bsp_spi_gpio_init) for bsp_spi_gpio_init
    main.o(i.main) refers to bsp_lcd.o(i.lcd_init) for lcd_init
    main.o(i.main) refers to bsp_lcd.o(i.display_rgb) for display_rgb
    main.o(i.main) refers to delay.o(i.delay_ms) for delay_ms
    main.o(i.main) refers to system_at32f4xx.o(.data) for SystemCoreClock
    main.o(i.main) refers to main.o(.data) for count
    at32f4xx_it.o(i.SysTick_Handler) refers to main.o(.data) for count
    startup_at32f403vx_xl.o(STACK) refers (Special) to heapauxi.o(.text) for __use_two_region_memory
    startup_at32f403vx_xl.o(HEAP) refers (Special) to heapauxi.o(.text) for __use_two_region_memory
    startup_at32f403vx_xl.o(RESET) refers (Special) to heapauxi.o(.text) for __use_two_region_memory
    startup_at32f403vx_xl.o(RESET) refers to startup_at32f403vx_xl.o(STACK) for __initial_sp
    startup_at32f403vx_xl.o(RESET) refers to startup_at32f403vx_xl.o(.text) for Reset_Handler
    startup_at32f403vx_xl.o(RESET) refers to at32f4xx_it.o(i.NMI_Handler) for NMI_Handler
    startup_at32f403vx_xl.o(RESET) refers to at32f4xx_it.o(i.HardFault_Handler) for HardFault_Handler
    startup_at32f403vx_xl.o(RESET) refers to at32f4xx_it.o(i.MemManage_Handler) for MemManage_Handler
    startup_at32f403vx_xl.o(RESET) refers to at32f4xx_it.o(i.BusFault_Handler) for BusFault_Handler
    startup_at32f403vx_xl.o(RESET) refers to at32f4xx_it.o(i.UsageFault_Handler) for UsageFault_Handler
    startup_at32f403vx_xl.o(RESET) refers to at32f4xx_it.o(i.SVC_Handler) for SVC_Handler
    startup_at32f403vx_xl.o(RESET) refers to at32f4xx_it.o(i.DebugMon_Handler) for DebugMon_Handler
    startup_at32f403vx_xl.o(RESET) refers to at32f4xx_it.o(i.PendSV_Handler) for PendSV_Handler
    startup_at32f403vx_xl.o(RESET) refers to at32f4xx_it.o(i.SysTick_Handler) for SysTick_Handler
    startup_at32f403vx_xl.o(.text) refers (Special) to heapauxi.o(.text) for __use_two_region_memory
    startup_at32f403vx_xl.o(.text) refers to system_at32f4xx.o(i.SystemInit) for SystemInit
    startup_at32f403vx_xl.o(.text) refers to __main.o(!!!main) for __main
    startup_at32f403vx_xl.o(.text) refers to startup_at32f403vx_xl.o(HEAP) for Heap_Mem
    startup_at32f403vx_xl.o(.text) refers to startup_at32f403vx_xl.o(STACK) for Stack_Mem
    system_at32f4xx.o(i.SetSysClock) refers to system_at32f4xx.o(i.SetSysClockTo200M) for SetSysClockTo200M
    system_at32f4xx.o(i.SetSysClockTo200M) refers to system_at32f4xx.o(i.WaitHseStbl) for WaitHseStbl
    system_at32f4xx.o(i.SystemCoreClockUpdate) refers to system_at32f4xx.o(.data) for SystemCoreClock
    system_at32f4xx.o(i.SystemInit) refers to system_at32f4xx.o(i.SetSysClock) for SetSysClock
    at32f4xx_rcc.o(i.RCC_GetClocksFreq) refers to at32f4xx_rcc.o(.data) for APBAHBPscTable
    at32f4xx_rcc.o(i.RCC_WaitForHSEStable) refers to at32f4xx_rcc.o(i.RCC_GetFlagStatus) for RCC_GetFlagStatus
    at32f4xx_rcc.o(i.RCC_WaitForHSEStable) refers to at32f4xx_rcc.o(i.RCC_HSEENDelay) for RCC_HSEENDelay
    at32f4xx_gpio.o(i.GPIO_AFIOReset) refers to at32f4xx_rcc.o(i.RCC_APB2PeriphResetCmd) for RCC_APB2PeriphResetCmd
    at32f4xx_gpio.o(i.GPIO_Reset) refers to at32f4xx_rcc.o(i.RCC_APB2PeriphResetCmd) for RCC_APB2PeriphResetCmd
    at32f4xx_spi.o(i.I2S_Init) refers to at32f4xx_rcc.o(i.RCC_GetClocksFreq) for RCC_GetClocksFreq
    at32f4xx_spi.o(i.SPI_I2S_Reset) refers to at32f4xx_rcc.o(i.RCC_APB2PeriphResetCmd) for RCC_APB2PeriphResetCmd
    at32f4xx_spi.o(i.SPI_I2S_Reset) refers to at32f4xx_rcc.o(i.RCC_APB1PeriphResetCmd) for RCC_APB1PeriphResetCmd
    bsp_led.o(i.bsp_led_init) refers to at32f4xx_rcc.o(i.RCC_APB2PeriphClockCmd) for RCC_APB2PeriphClockCmd
    bsp_led.o(i.bsp_led_init) refers to at32f4xx_gpio.o(i.GPIO_Init) for GPIO_Init
    bsp_spi.o(i.SPI1_Config) refers to at32f4xx_spi.o(i.SPI_Init) for SPI_Init
    bsp_spi.o(i.SPI1_Config) refers to at32f4xx_spi.o(i.SPI_Enable) for SPI_Enable
    bsp_spi.o(i.bsp_spi_gpio_init) refers to at32f4xx_rcc.o(i.RCC_APB2PeriphClockCmd) for RCC_APB2PeriphClockCmd
    bsp_spi.o(i.bsp_spi_gpio_init) refers to at32f4xx_gpio.o(i.GPIO_Init) for GPIO_Init
    bsp_spi.o(i.bsp_spi_gpio_init) refers to bsp_spi.o(i.SPI1_Config) for SPI1_Config
    bsp_lcd.o(i.LcdWriCommand) refers to at32f4xx_spi.o(i.SPI_I2S_TxData) for SPI_I2S_TxData
    bsp_lcd.o(i.LcdWriCommand) refers to at32f4xx_spi.o(i.SPI_I2S_GetFlagStatus) for SPI_I2S_GetFlagStatus
    bsp_lcd.o(i.LcdWriData) refers to at32f4xx_spi.o(i.SPI_I2S_TxData) for SPI_I2S_TxData
    bsp_lcd.o(i.LcdWriData) refers to at32f4xx_spi.o(i.SPI_I2S_GetFlagStatus) for SPI_I2S_GetFlagStatus
    bsp_lcd.o(i.display_rgb) refers to bsp_lcd.o(i.gd_WriteDAT) for gd_WriteDAT
    bsp_lcd.o(i.gd_WriteDAT) refers to bsp_lcd.o(i.LcdWriData) for LcdWriData
    bsp_lcd.o(i.lcd_init) refers to delay.o(i.delay_ms) for delay_ms
    bsp_lcd.o(i.lcd_init) refers to bsp_lcd.o(i.LcdWriCommand) for LcdWriCommand
    bsp_lcd.o(i.lcd_init) refers to bsp_lcd.o(i.LcdWriData) for LcdWriData
    delay.o(i.delay_init) refers to misc.o(i.SysTick_CLKSourceConfig) for SysTick_CLKSourceConfig
    delay.o(i.delay_init) refers to system_at32f4xx.o(.data) for SystemCoreClock
    delay.o(i.delay_init) refers to delay.o(.data) for fac_us
    delay.o(i.delay_ms) refers to delay.o(i.delay_us) for delay_us
    delay.o(i.delay_us) refers to delay.o(.data) for fac_us
    __main.o(!!!main) refers to __rtentry.o(.ARM.Collect$$rtentry$$00000000) for __rt_entry
    __rtentry.o(.ARM.Collect$$rtentry$$00000000) refers (Special) to __rtentry2.o(.ARM.Collect$$rtentry$$0000000A) for __rt_entry_li
    __rtentry.o(.ARM.Collect$$rtentry$$00000000) refers (Special) to __rtentry2.o(.ARM.Collect$$rtentry$$0000000D) for __rt_entry_main
    __rtentry.o(.ARM.Collect$$rtentry$$00000000) refers (Special) to __rtentry2.o(.ARM.Collect$$rtentry$$0000000C) for __rt_entry_postli_1
    __rtentry.o(.ARM.Collect$$rtentry$$00000000) refers (Special) to __rtentry2.o(.ARM.Collect$$rtentry$$00000009) for __rt_entry_postsh_1
    __rtentry.o(.ARM.Collect$$rtentry$$00000000) refers (Special) to __rtentry2.o(.ARM.Collect$$rtentry$$00000002) for __rt_entry_presh_1
    __rtentry.o(.ARM.Collect$$rtentry$$00000000) refers (Special) to __rtentry4.o(.ARM.Collect$$rtentry$$00000004) for __rt_entry_sh
    __rtentry2.o(.ARM.Collect$$rtentry$$00000008) refers to boardinit2.o(.text) for _platform_post_stackheap_init
    __rtentry2.o(.ARM.Collect$$rtentry$$0000000A) refers to libinit.o(.ARM.Collect$$libinit$$00000000) for __rt_lib_init
    __rtentry2.o(.ARM.Collect$$rtentry$$0000000B) refers to boardinit3.o(.text) for _platform_post_lib_init
    __rtentry2.o(.ARM.Collect$$rtentry$$0000000D) refers to main.o(i.main) for main
    __rtentry2.o(.ARM.Collect$$rtentry$$0000000D) refers to exit.o(.text) for exit
    __rtentry2.o(.ARM.exidx) refers to __rtentry2.o(.ARM.Collect$$rtentry$$00000001) for .ARM.Collect$$rtentry$$00000001
    __rtentry2.o(.ARM.exidx) refers to __rtentry2.o(.ARM.Collect$$rtentry$$00000008) for .ARM.Collect$$rtentry$$00000008
    __rtentry2.o(.ARM.exidx) refers to __rtentry2.o(.ARM.Collect$$rtentry$$0000000A) for .ARM.Collect$$rtentry$$0000000A
    __rtentry2.o(.ARM.exidx) refers to __rtentry2.o(.ARM.Collect$$rtentry$$0000000B) for .ARM.Collect$$rtentry$$0000000B
    __rtentry2.o(.ARM.exidx) refers to __rtentry2.o(.ARM.Collect$$rtentry$$0000000D) for .ARM.Collect$$rtentry$$0000000D
    __rtentry4.o(.ARM.Collect$$rtentry$$00000004) refers to sys_stackheap_outer.o(.text) for __user_setup_stackheap
    __rtentry4.o(.ARM.exidx) refers to __rtentry4.o(.ARM.Collect$$rtentry$$00000004) for .ARM.Collect$$rtentry$$00000004
    sys_stackheap_outer.o(.text) refers to libspace.o(.text) for __user_perproc_libspace
    sys_stackheap_outer.o(.text) refers to startup_at32f403vx_xl.o(.text) for __user_initial_stackheap
    exit.o(.text) refers to rtexit.o(.ARM.Collect$$rtexit$$00000000) for __rt_exit
    libinit.o(.ARM.Collect$$libinit$$00000000) refers (Special) to libinit2.o(.ARM.Collect$$libinit$$0000002E) for __rt_lib_init_alloca_1
    libinit.o(.ARM.Collect$$libinit$$00000000) refers (Special) to libinit2.o(.ARM.Collect$$libinit$$0000002C) for __rt_lib_init_argv_1
    libinit.o(.ARM.Collect$$libinit$$00000000) refers (Special) to libinit2.o(.ARM.Collect$$libinit$$0000001B) for __rt_lib_init_atexit_1
    libinit.o(.ARM.Collect$$libinit$$00000000) refers (Special) to libinit2.o(.ARM.Collect$$libinit$$00000021) for __rt_lib_init_clock_1
    libinit.o(.ARM.Collect$$libinit$$00000000) refers (Special) to libinit2.o(.ARM.Collect$$libinit$$00000032) for __rt_lib_init_cpp_1
    libinit.o(.ARM.Collect$$libinit$$00000000) refers (Special) to libinit2.o(.ARM.Collect$$libinit$$00000030) for __rt_lib_init_exceptions_1
    libinit.o(.ARM.Collect$$libinit$$00000000) refers (Special) to libinit2.o(.ARM.Collect$$libinit$$00000001) for __rt_lib_init_fp_1
    libinit.o(.ARM.Collect$$libinit$$00000000) refers (Special) to libinit2.o(.ARM.Collect$$libinit$$0000001F) for __rt_lib_init_fp_trap_1
    libinit.o(.ARM.Collect$$libinit$$00000000) refers (Special) to libinit2.o(.ARM.Collect$$libinit$$00000023) for __rt_lib_init_getenv_1
    libinit.o(.ARM.Collect$$libinit$$00000000) refers (Special) to libinit2.o(.ARM.Collect$$libinit$$0000000A) for __rt_lib_init_heap_1
    libinit.o(.ARM.Collect$$libinit$$00000000) refers (Special) to libinit2.o(.ARM.Collect$$libinit$$00000011) for __rt_lib_init_lc_collate_1
    libinit.o(.ARM.Collect$$libinit$$00000000) refers (Special) to libinit2.o(.ARM.Collect$$libinit$$00000013) for __rt_lib_init_lc_ctype_1
    libinit.o(.ARM.Collect$$libinit$$00000000) refers (Special) to libinit2.o(.ARM.Collect$$libinit$$00000015) for __rt_lib_init_lc_monetary_1
    libinit.o(.ARM.Collect$$libinit$$00000000) refers (Special) to libinit2.o(.ARM.Collect$$libinit$$00000017) for __rt_lib_init_lc_numeric_1
    libinit.o(.ARM.Collect$$libinit$$00000000) refers (Special) to libinit2.o(.ARM.Collect$$libinit$$00000019) for __rt_lib_init_lc_time_1
    libinit.o(.ARM.Collect$$libinit$$00000000) refers (Special) to libinit2.o(.ARM.Collect$$libinit$$00000004) for __rt_lib_init_preinit_1
    libinit.o(.ARM.Collect$$libinit$$00000000) refers (Special) to libinit2.o(.ARM.Collect$$libinit$$0000000E) for __rt_lib_init_rand_1
    libinit.o(.ARM.Collect$$libinit$$00000000) refers (Special) to libinit2.o(.ARM.Collect$$libinit$$00000033) for __rt_lib_init_return
    libinit.o(.ARM.Collect$$libinit$$00000000) refers (Special) to libinit2.o(.ARM.Collect$$libinit$$0000001D) for __rt_lib_init_signal_1
    libinit.o(.ARM.Collect$$libinit$$00000000) refers (Special) to libinit2.o(.ARM.Collect$$libinit$$00000025) for __rt_lib_init_stdio_1
    libinit.o(.ARM.Collect$$libinit$$00000000) refers (Special) to libinit2.o(.ARM.Collect$$libinit$$0000000C) for __rt_lib_init_user_alloc_1
    libspace.o(.text) refers to libspace.o(.bss) for __libspace_start
    rtexit.o(.ARM.Collect$$rtexit$$00000000) refers (Special) to rtexit2.o(.ARM.Collect$$rtexit$$00000004) for __rt_exit_exit
    rtexit.o(.ARM.Collect$$rtexit$$00000000) refers (Special) to rtexit2.o(.ARM.Collect$$rtexit$$00000003) for __rt_exit_ls
    rtexit.o(.ARM.Collect$$rtexit$$00000000) refers (Special) to rtexit2.o(.ARM.Collect$$rtexit$$00000002) for __rt_exit_prels_1
    rtexit.o(.ARM.exidx) refers (Special) to rtexit2.o(.ARM.Collect$$rtexit$$00000004) for __rt_exit_exit
    rtexit.o(.ARM.exidx) refers (Special) to rtexit2.o(.ARM.Collect$$rtexit$$00000003) for __rt_exit_ls
    rtexit.o(.ARM.exidx) refers (Special) to rtexit2.o(.ARM.Collect$$rtexit$$00000002) for __rt_exit_prels_1
    rtexit.o(.ARM.exidx) refers to rtexit.o(.ARM.Collect$$rtexit$$00000000) for .ARM.Collect$$rtexit$$00000000
    libinit2.o(.ARM.Collect$$libinit$$00000001) refers to fpinit.o(x$fpl$fpinit) for _fp_init
    libinit2.o(.ARM.Collect$$libinit$$00000010) refers to libinit2.o(.ARM.Collect$$libinit$$0000000F) for .ARM.Collect$$libinit$$0000000F
    libinit2.o(.ARM.Collect$$libinit$$00000012) refers to libinit2.o(.ARM.Collect$$libinit$$0000000F) for .ARM.Collect$$libinit$$0000000F
    libinit2.o(.ARM.Collect$$libinit$$00000014) refers to libinit2.o(.ARM.Collect$$libinit$$0000000F) for .ARM.Collect$$libinit$$0000000F
    libinit2.o(.ARM.Collect$$libinit$$00000016) refers to libinit2.o(.ARM.Collect$$libinit$$0000000F) for .ARM.Collect$$libinit$$0000000F
    libinit2.o(.ARM.Collect$$libinit$$00000018) refers to libinit2.o(.ARM.Collect$$libinit$$0000000F) for .ARM.Collect$$libinit$$0000000F
    libinit2.o(.ARM.Collect$$libinit$$00000026) refers to argv_veneer.o(.emb_text) for __ARM_argv_veneer
    libinit2.o(.ARM.Collect$$libinit$$00000027) refers to argv_veneer.o(.emb_text) for __ARM_argv_veneer
    rtexit2.o(.ARM.Collect$$rtexit$$00000003) refers to libshutdown.o(.ARM.Collect$$libshutdown$$00000000) for __rt_lib_shutdown
    rtexit2.o(.ARM.Collect$$rtexit$$00000004) refers to sys_exit.o(.text) for _sys_exit
    rtexit2.o(.ARM.exidx) refers to rtexit2.o(.ARM.Collect$$rtexit$$00000001) for .ARM.Collect$$rtexit$$00000001
    rtexit2.o(.ARM.exidx) refers to rtexit2.o(.ARM.Collect$$rtexit$$00000003) for .ARM.Collect$$rtexit$$00000003
    rtexit2.o(.ARM.exidx) refers to rtexit2.o(.ARM.Collect$$rtexit$$00000004) for .ARM.Collect$$rtexit$$00000004
    argv_veneer.o(.emb_text) refers to no_argv.o(.text) for __ARM_get_argv
    sys_exit.o(.text) refers (Special) to use_no_semi.o(.text) for __I$use$semihosting
    sys_exit.o(.text) refers (Special) to indicate_semi.o(.text) for __semihosting_library_function
    _get_argv_nomalloc.o(.text) refers (Special) to hrguard.o(.text) for __heap_region$guard
    _get_argv_nomalloc.o(.text) refers to defsig_rtmem_outer.o(.text) for __rt_SIGRTMEM
    _get_argv_nomalloc.o(.text) refers to sys_command.o(.text) for _sys_command_string
    libshutdown.o(.ARM.Collect$$libshutdown$$00000000) refers (Special) to libshutdown2.o(.ARM.Collect$$libshutdown$$00000006) for __rt_lib_shutdown_fp_trap_1
    libshutdown.o(.ARM.Collect$$libshutdown$$00000000) refers (Special) to libshutdown2.o(.ARM.Collect$$libshutdown$$0000000E) for __rt_lib_shutdown_heap_1
    libshutdown.o(.ARM.Collect$$libshutdown$$00000000) refers (Special) to libshutdown2.o(.ARM.Collect$$libshutdown$$0000000F) for __rt_lib_shutdown_return
    libshutdown.o(.ARM.Collect$$libshutdown$$00000000) refers (Special) to libshutdown2.o(.ARM.Collect$$libshutdown$$00000009) for __rt_lib_shutdown_signal_1
    libshutdown.o(.ARM.Collect$$libshutdown$$00000000) refers (Special) to libshutdown2.o(.ARM.Collect$$libshutdown$$00000003) for __rt_lib_shutdown_stdio_1
    libshutdown.o(.ARM.Collect$$libshutdown$$00000000) refers (Special) to libshutdown2.o(.ARM.Collect$$libshutdown$$0000000B) for __rt_lib_shutdown_user_alloc_1
    sys_command.o(.text) refers (Special) to use_no_semi.o(.text) for __I$use$semihosting
    sys_command.o(.text) refers (Special) to indicate_semi.o(.text) for __semihosting_library_function
    defsig_rtmem_outer.o(.text) refers to defsig_rtmem_inner.o(.text) for __rt_SIGRTMEM_inner
    defsig_rtmem_outer.o(.text) refers to defsig_exit.o(.text) for __sig_exit
    defsig_rtmem_formal.o(.text) refers to rt_raise.o(.text) for __rt_raise
    rt_raise.o(.text) refers to __raise.o(.text) for __raise
    rt_raise.o(.text) refers to sys_exit.o(.text) for _sys_exit
    defsig_exit.o(.text) refers to sys_exit.o(.text) for _sys_exit
    defsig_rtmem_inner.o(.text) refers to defsig_general.o(.text) for __default_signal_display
    __raise.o(.text) refers to defsig.o(CL$$defsig) for __default_signal_handler
    defsig_general.o(.text) refers to sys_wrch.o(.text) for _ttywrch
    sys_wrch.o(.text) refers (Special) to use_no_semi.o(.text) for __I$use$semihosting
    sys_wrch.o(.text) refers (Special) to indicate_semi.o(.text) for __semihosting_library_function
    defsig.o(CL$$defsig) refers to defsig_rtmem_inner.o(.text) for __rt_SIGRTMEM_inner
    defsig_abrt_inner.o(.text) refers to defsig_general.o(.text) for __default_signal_display
    defsig_fpe_inner.o(.text) refers to defsig_general.o(.text) for __default_signal_display
    defsig_rtred_inner.o(.text) refers to defsig_general.o(.text) for __default_signal_display
    defsig_stak_inner.o(.text) refers to defsig_general.o(.text) for __default_signal_display
    defsig_pvfn_inner.o(.text) refers to defsig_general.o(.text) for __default_signal_display
    defsig_cppl_inner.o(.text) refers to defsig_general.o(.text) for __default_signal_display
    defsig_segv_inner.o(.text) refers to defsig_general.o(.text) for __default_signal_display
    defsig_other.o(.text) refers to defsig_general.o(.text) for __default_signal_display


==============================================================================

Removing Unused input sections from the image.

    Removing main.o(.rev16_text), (4 bytes).
    Removing main.o(.revsh_text), (4 bytes).
    Removing main.o(.rrx_text), (6 bytes).
    Removing at32f4xx_it.o(.rev16_text), (4 bytes).
    Removing at32f4xx_it.o(.revsh_text), (4 bytes).
    Removing at32f4xx_it.o(.rrx_text), (6 bytes).
    Removing system_at32f4xx.o(.rev16_text), (4 bytes).
    Removing system_at32f4xx.o(.revsh_text), (4 bytes).
    Removing system_at32f4xx.o(.rrx_text), (6 bytes).
    Removing system_at32f4xx.o(i.SystemCoreClockUpdate), (200 bytes).
    Removing at32f4xx_rcc.o(.rev16_text), (4 bytes).
    Removing at32f4xx_rcc.o(.revsh_text), (4 bytes).
    Removing at32f4xx_rcc.o(.rrx_text), (6 bytes).
    Removing at32f4xx_rcc.o(i.RCC_ADCCLKConfig), (28 bytes).
    Removing at32f4xx_rcc.o(i.RCC_AHBCLKConfig), (24 bytes).
    Removing at32f4xx_rcc.o(i.RCC_AHBPeriphClockCmd), (32 bytes).
    Removing at32f4xx_rcc.o(i.RCC_APB1CLKConfig), (24 bytes).
    Removing at32f4xx_rcc.o(i.RCC_APB1PeriphClockCmd), (32 bytes).
    Removing at32f4xx_rcc.o(i.RCC_APB1PeriphResetCmd), (32 bytes).
    Removing at32f4xx_rcc.o(i.RCC_APB2CLKConfig), (24 bytes).
    Removing at32f4xx_rcc.o(i.RCC_APB2PeriphResetCmd), (32 bytes).
    Removing at32f4xx_rcc.o(i.RCC_BackupResetCmd), (12 bytes).
    Removing at32f4xx_rcc.o(i.RCC_CLKOUTConfig), (64 bytes).
    Removing at32f4xx_rcc.o(i.RCC_ClearFlag), (20 bytes).
    Removing at32f4xx_rcc.o(i.RCC_ClearINTPendingBit), (12 bytes).
    Removing at32f4xx_rcc.o(i.RCC_GetClocksFreq), (328 bytes).
    Removing at32f4xx_rcc.o(i.RCC_GetFlagStatus), (60 bytes).
    Removing at32f4xx_rcc.o(i.RCC_GetINTStatus), (24 bytes).
    Removing at32f4xx_rcc.o(i.RCC_GetSYSCLKSelction), (16 bytes).
    Removing at32f4xx_rcc.o(i.RCC_HSEClockFailureDetectorCmd), (12 bytes).
    Removing at32f4xx_rcc.o(i.RCC_HSEConfig), (76 bytes).
    Removing at32f4xx_rcc.o(i.RCC_HSEENDelay), (12 bytes).
    Removing at32f4xx_rcc.o(i.RCC_HSICmd), (12 bytes).
    Removing at32f4xx_rcc.o(i.RCC_INTConfig), (32 bytes).
    Removing at32f4xx_rcc.o(i.RCC_LSEConfig), (52 bytes).
    Removing at32f4xx_rcc.o(i.RCC_LSICmd), (12 bytes).
    Removing at32f4xx_rcc.o(i.RCC_PLLCmd), (12 bytes).
    Removing at32f4xx_rcc.o(i.RCC_PLLConfig), (36 bytes).
    Removing at32f4xx_rcc.o(i.RCC_RTCCLKCmd), (12 bytes).
    Removing at32f4xx_rcc.o(i.RCC_RTCCLKConfig), (16 bytes).
    Removing at32f4xx_rcc.o(i.RCC_Reset), (96 bytes).
    Removing at32f4xx_rcc.o(i.RCC_SYSCLKConfig), (24 bytes).
    Removing at32f4xx_rcc.o(i.RCC_SetHSICalibValue), (44 bytes).
    Removing at32f4xx_rcc.o(i.RCC_SetHSITweakValue), (24 bytes).
    Removing at32f4xx_rcc.o(i.RCC_USBCLKConfig), (24 bytes).
    Removing at32f4xx_rcc.o(i.RCC_WaitForHSEStable), (64 bytes).
    Removing at32f4xx_rcc.o(.data), (16 bytes).
    Removing misc.o(.rev16_text), (4 bytes).
    Removing misc.o(.revsh_text), (4 bytes).
    Removing misc.o(.rrx_text), (6 bytes).
    Removing misc.o(i.NVIC_Init), (112 bytes).
    Removing misc.o(i.NVIC_PriorityGroupConfig), (20 bytes).
    Removing misc.o(i.NVIC_SetVectorTable), (20 bytes).
    Removing misc.o(i.NVIC_SystemLPConfig), (32 bytes).
    Removing at32f4xx_gpio.o(.rev16_text), (4 bytes).
    Removing at32f4xx_gpio.o(.revsh_text), (4 bytes).
    Removing at32f4xx_gpio.o(.rrx_text), (6 bytes).
    Removing at32f4xx_gpio.o(i.GPIO_AFIOReset), (20 bytes).
    Removing at32f4xx_gpio.o(i.GPIO_EXTILineConfig), (64 bytes).
    Removing at32f4xx_gpio.o(i.GPIO_EventOutputCmd), (12 bytes).
    Removing at32f4xx_gpio.o(i.GPIO_EventOutputConfig), (32 bytes).
    Removing at32f4xx_gpio.o(i.GPIO_PinsLockConfig), (18 bytes).
    Removing at32f4xx_gpio.o(i.GPIO_PinsRemapConfig), (960 bytes).
    Removing at32f4xx_gpio.o(i.GPIO_ReadInputData), (8 bytes).
    Removing at32f4xx_gpio.o(i.GPIO_ReadInputDataBit), (18 bytes).
    Removing at32f4xx_gpio.o(i.GPIO_ReadOutputData), (8 bytes).
    Removing at32f4xx_gpio.o(i.GPIO_ReadOutputDataBit), (18 bytes).
    Removing at32f4xx_gpio.o(i.GPIO_Reset), (200 bytes).
    Removing at32f4xx_gpio.o(i.GPIO_ResetBits), (4 bytes).
    Removing at32f4xx_gpio.o(i.GPIO_SetBits), (4 bytes).
    Removing at32f4xx_gpio.o(i.GPIO_StructInit), (16 bytes).
    Removing at32f4xx_gpio.o(i.GPIO_Write), (4 bytes).
    Removing at32f4xx_gpio.o(i.GPIO_WriteBit), (10 bytes).
    Removing at32f4xx_spi.o(.rev16_text), (4 bytes).
    Removing at32f4xx_spi.o(.revsh_text), (4 bytes).
    Removing at32f4xx_spi.o(.rrx_text), (6 bytes).
    Removing at32f4xx_spi.o(i.I2S_DefaultInit), (20 bytes).
    Removing at32f4xx_spi.o(i.I2S_Enable), (24 bytes).
    Removing at32f4xx_spi.o(i.I2S_Init), (256 bytes).
    Removing at32f4xx_spi.o(i.SPI_CRCEN), (24 bytes).
    Removing at32f4xx_spi.o(i.SPI_DefaultInitParaConfig), (24 bytes).
    Removing at32f4xx_spi.o(i.SPI_FrameSizeConfig), (18 bytes).
    Removing at32f4xx_spi.o(i.SPI_GetCRC), (16 bytes).
    Removing at32f4xx_spi.o(i.SPI_GetCRCPolynomial), (6 bytes).
    Removing at32f4xx_spi.o(i.SPI_HalfDuplexTransModeConfig), (28 bytes).
    Removing at32f4xx_spi.o(i.SPI_I2S_ClearFlag), (6 bytes).
    Removing at32f4xx_spi.o(i.SPI_I2S_ClearINTPendingBit), (20 bytes).
    Removing at32f4xx_spi.o(i.SPI_I2S_DMAEnable), (18 bytes).
    Removing at32f4xx_spi.o(i.SPI_I2S_GetITStatus), (52 bytes).
    Removing at32f4xx_spi.o(i.SPI_I2S_INTConfig), (32 bytes).
    Removing at32f4xx_spi.o(i.SPI_I2S_Reset), (116 bytes).
    Removing at32f4xx_spi.o(i.SPI_I2S_RxData), (6 bytes).
    Removing at32f4xx_spi.o(i.SPI_NSSHardwareOutputEnable), (24 bytes).
    Removing at32f4xx_spi.o(i.SPI_NSSInternalSoftwareConfig), (30 bytes).
    Removing at32f4xx_spi.o(i.SPI_TxCRC), (10 bytes).
    Removing bsp_led.o(.rev16_text), (4 bytes).
    Removing bsp_led.o(.revsh_text), (4 bytes).
    Removing bsp_led.o(.rrx_text), (6 bytes).
    Removing bsp_spi.o(.rev16_text), (4 bytes).
    Removing bsp_spi.o(.revsh_text), (4 bytes).
    Removing bsp_spi.o(.rrx_text), (6 bytes).
    Removing bsp_lcd.o(.rev16_text), (4 bytes).
    Removing bsp_lcd.o(.revsh_text), (4 bytes).
    Removing bsp_lcd.o(.rrx_text), (6 bytes).
    Removing delay.o(.rev16_text), (4 bytes).
    Removing delay.o(.revsh_text), (4 bytes).
    Removing delay.o(.rrx_text), (6 bytes).

107 unused section(s) (total 4004 bytes) removed from the image.

==============================================================================

Image Symbol Table

    Local Symbols

    Symbol Name                              Value     Ov Type        Size  Object(Section)

    ../clib/angel/boardlib.s                 0x00000000   Number         0  boardinit1.o ABSOLUTE
    ../clib/angel/boardlib.s                 0x00000000   Number         0  boardinit2.o ABSOLUTE
    ../clib/angel/boardlib.s                 0x00000000   Number         0  boardshut.o ABSOLUTE
    ../clib/angel/boardlib.s                 0x00000000   Number         0  boardinit3.o ABSOLUTE
    ../clib/angel/handlers.s                 0x00000000   Number         0  __scatter_copy.o ABSOLUTE
    ../clib/angel/handlers.s                 0x00000000   Number         0  __scatter_zi.o ABSOLUTE
    ../clib/angel/kernel.s                   0x00000000   Number         0  __rtentry2.o ABSOLUTE
    ../clib/angel/kernel.s                   0x00000000   Number         0  __rtentry.o ABSOLUTE
    ../clib/angel/kernel.s                   0x00000000   Number         0  __rtentry4.o ABSOLUTE
    ../clib/angel/kernel.s                   0x00000000   Number         0  rtexit.o ABSOLUTE
    ../clib/angel/kernel.s                   0x00000000   Number         0  rtexit2.o ABSOLUTE
    ../clib/angel/rt.s                       0x00000000   Number         0  rt_raise.o ABSOLUTE
    ../clib/angel/scatter.s                  0x00000000   Number         0  __scatter.o ABSOLUTE
    ../clib/angel/startup.s                  0x00000000   Number         0  __main.o ABSOLUTE
    ../clib/angel/sys.s                      0x00000000   Number         0  sys_stackheap_outer.o ABSOLUTE
    ../clib/angel/sys.s                      0x00000000   Number         0  libspace.o ABSOLUTE
    ../clib/angel/sys.s                      0x00000000   Number         0  use_no_semi.o ABSOLUTE
    ../clib/angel/sys.s                      0x00000000   Number         0  indicate_semi.o ABSOLUTE
    ../clib/angel/sysapp.c                   0x00000000   Number         0  sys_wrch.o ABSOLUTE
    ../clib/angel/sysapp.c                   0x00000000   Number         0  sys_exit.o ABSOLUTE
    ../clib/angel/sysapp.c                   0x00000000   Number         0  sys_command.o ABSOLUTE
    ../clib/armsys.c                         0x00000000   Number         0  argv_veneer.o ABSOLUTE
    ../clib/armsys.c                         0x00000000   Number         0  argv_veneer.o ABSOLUTE
    ../clib/armsys.c                         0x00000000   Number         0  _get_argv_nomalloc.o ABSOLUTE
    ../clib/armsys.c                         0x00000000   Number         0  no_argv.o ABSOLUTE
    ../clib/heapalloc.c                      0x00000000   Number         0  hrguard.o ABSOLUTE
    ../clib/heapaux.c                        0x00000000   Number         0  heapauxi.o ABSOLUTE
    ../clib/libinit.s                        0x00000000   Number         0  libshutdown.o ABSOLUTE
    ../clib/libinit.s                        0x00000000   Number         0  libshutdown2.o ABSOLUTE
    ../clib/libinit.s                        0x00000000   Number         0  libinit2.o ABSOLUTE
    ../clib/libinit.s                        0x00000000   Number         0  libinit.o ABSOLUTE
    ../clib/signal.c                         0x00000000   Number         0  defsig_segv_inner.o ABSOLUTE
    ../clib/signal.c                         0x00000000   Number         0  defsig_exit.o ABSOLUTE
    ../clib/signal.c                         0x00000000   Number         0  defsig_rtmem_formal.o ABSOLUTE
    ../clib/signal.c                         0x00000000   Number         0  defsig_fpe_inner.o ABSOLUTE
    ../clib/signal.c                         0x00000000   Number         0  __raise.o ABSOLUTE
    ../clib/signal.c                         0x00000000   Number         0  defsig_other.o ABSOLUTE
    ../clib/signal.c                         0x00000000   Number         0  defsig_general.o ABSOLUTE
    ../clib/signal.c                         0x00000000   Number         0  defsig_cppl_inner.o ABSOLUTE
    ../clib/signal.c                         0x00000000   Number         0  defsig_pvfn_inner.o ABSOLUTE
    ../clib/signal.c                         0x00000000   Number         0  defsig_stak_inner.o ABSOLUTE
    ../clib/signal.c                         0x00000000   Number         0  defsig_rtred_inner.o ABSOLUTE
    ../clib/signal.c                         0x00000000   Number         0  defsig_abrt_inner.o ABSOLUTE
    ../clib/signal.c                         0x00000000   Number         0  defsig_rtmem_inner.o ABSOLUTE
    ../clib/signal.c                         0x00000000   Number         0  defsig_rtmem_outer.o ABSOLUTE
    ../clib/signal.s                         0x00000000   Number         0  defsig.o ABSOLUTE
    ../clib/stdlib.c                         0x00000000   Number         0  exit.o ABSOLUTE
    ../fplib/fpinit.s                        0x00000000   Number         0  fpinit.o ABSOLUTE
    ..\Libraries\CMSIS\at32f4xx_it.c         0x00000000   Number         0  at32f4xx_it.o ABSOLUTE
    ..\Libraries\CMSIS\system_at32f4xx.c     0x00000000   Number         0  system_at32f4xx.o ABSOLUTE
    ..\Libraries\FWLIB\src\at32f4xx_gpio.c   0x00000000   Number         0  at32f4xx_gpio.o ABSOLUTE
    ..\Libraries\FWLIB\src\at32f4xx_rcc.c    0x00000000   Number         0  at32f4xx_rcc.o ABSOLUTE
    ..\Libraries\FWLIB\src\at32f4xx_spi.c    0x00000000   Number         0  at32f4xx_spi.o ABSOLUTE
    ..\Libraries\FWLIB\src\misc.c            0x00000000   Number         0  misc.o ABSOLUTE
    ..\Startup\startup_at32f403vx_xl.s       0x00000000   Number         0  startup_at32f403vx_xl.o ABSOLUTE
    ..\System\delay\delay.c                  0x00000000   Number         0  delay.o ABSOLUTE
    ..\User\bsp\src\bsp_lcd.c                0x00000000   Number         0  bsp_lcd.o ABSOLUTE
    ..\User\bsp\src\bsp_led.c                0x00000000   Number         0  bsp_led.o ABSOLUTE
    ..\User\bsp\src\bsp_spi.c                0x00000000   Number         0  bsp_spi.o ABSOLUTE
    ..\User\main.c                           0x00000000   Number         0  main.o ABSOLUTE
    ..\\Libraries\\CMSIS\\at32f4xx_it.c      0x00000000   Number         0  at32f4xx_it.o ABSOLUTE
    ..\\Libraries\\CMSIS\\system_at32f4xx.c  0x00000000   Number         0  system_at32f4xx.o ABSOLUTE
    ..\\Libraries\\FWLIB\\src\\at32f4xx_gpio.c 0x00000000   Number         0  at32f4xx_gpio.o ABSOLUTE
    ..\\Libraries\\FWLIB\\src\\at32f4xx_rcc.c 0x00000000   Number         0  at32f4xx_rcc.o ABSOLUTE
    ..\\Libraries\\FWLIB\\src\\at32f4xx_spi.c 0x00000000   Number         0  at32f4xx_spi.o ABSOLUTE
    ..\\Libraries\\FWLIB\\src\\misc.c        0x00000000   Number         0  misc.o ABSOLUTE
    ..\\System\\delay\\delay.c               0x00000000   Number         0  delay.o ABSOLUTE
    ..\\User\\bsp\\src\\bsp_lcd.c            0x00000000   Number         0  bsp_lcd.o ABSOLUTE
    ..\\User\\bsp\\src\\bsp_led.c            0x00000000   Number         0  bsp_led.o ABSOLUTE
    ..\\User\\bsp\\src\\bsp_spi.c            0x00000000   Number         0  bsp_spi.o ABSOLUTE
    ..\\User\\main.c                         0x00000000   Number         0  main.o ABSOLUTE
    dc.s                                     0x00000000   Number         0  dc.o ABSOLUTE
    RESET                                    0x08000000   Section      320  startup_at32f403vx_xl.o(RESET)
    !!!main                                  0x08000140   Section        8  __main.o(!!!main)
    !!!scatter                               0x08000148   Section       52  __scatter.o(!!!scatter)
    !!handler_copy                           0x0800017c   Section       26  __scatter_copy.o(!!handler_copy)
    !!handler_zi                             0x08000198   Section       28  __scatter_zi.o(!!handler_zi)
    .ARM.Collect$$libinit$$00000000          0x080001b4   Section        2  libinit.o(.ARM.Collect$$libinit$$00000000)
    .ARM.Collect$$libinit$$00000001          0x080001b6   Section        4  libinit2.o(.ARM.Collect$$libinit$$00000001)
    .ARM.Collect$$libinit$$00000004          0x080001ba   Section        0  libinit2.o(.ARM.Collect$$libinit$$00000004)
    .ARM.Collect$$libinit$$0000000A          0x080001ba   Section        0  libinit2.o(.ARM.Collect$$libinit$$0000000A)
    .ARM.Collect$$libinit$$0000000C          0x080001ba   Section        0  libinit2.o(.ARM.Collect$$libinit$$0000000C)
    .ARM.Collect$$libinit$$0000000E          0x080001ba   Section        0  libinit2.o(.ARM.Collect$$libinit$$0000000E)
    .ARM.Collect$$libinit$$00000011          0x080001ba   Section        0  libinit2.o(.ARM.Collect$$libinit$$00000011)
    .ARM.Collect$$libinit$$00000013          0x080001ba   Section        0  libinit2.o(.ARM.Collect$$libinit$$00000013)
    .ARM.Collect$$libinit$$00000015          0x080001ba   Section        0  libinit2.o(.ARM.Collect$$libinit$$00000015)
    .ARM.Collect$$libinit$$00000017          0x080001ba   Section        0  libinit2.o(.ARM.Collect$$libinit$$00000017)
    .ARM.Collect$$libinit$$00000019          0x080001ba   Section        0  libinit2.o(.ARM.Collect$$libinit$$00000019)
    .ARM.Collect$$libinit$$0000001B          0x080001ba   Section        0  libinit2.o(.ARM.Collect$$libinit$$0000001B)
    .ARM.Collect$$libinit$$0000001D          0x080001ba   Section        0  libinit2.o(.ARM.Collect$$libinit$$0000001D)
    .ARM.Collect$$libinit$$0000001F          0x080001ba   Section        0  libinit2.o(.ARM.Collect$$libinit$$0000001F)
    .ARM.Collect$$libinit$$00000021          0x080001ba   Section        0  libinit2.o(.ARM.Collect$$libinit$$00000021)
    .ARM.Collect$$libinit$$00000023          0x080001ba   Section        0  libinit2.o(.ARM.Collect$$libinit$$00000023)
    .ARM.Collect$$libinit$$00000025          0x080001ba   Section        0  libinit2.o(.ARM.Collect$$libinit$$00000025)
    .ARM.Collect$$libinit$$0000002C          0x080001ba   Section        0  libinit2.o(.ARM.Collect$$libinit$$0000002C)
    .ARM.Collect$$libinit$$0000002E          0x080001ba   Section        0  libinit2.o(.ARM.Collect$$libinit$$0000002E)
    .ARM.Collect$$libinit$$00000030          0x080001ba   Section        0  libinit2.o(.ARM.Collect$$libinit$$00000030)
    .ARM.Collect$$libinit$$00000032          0x080001ba   Section        0  libinit2.o(.ARM.Collect$$libinit$$00000032)
    .ARM.Collect$$libinit$$00000033          0x080001ba   Section        2  libinit2.o(.ARM.Collect$$libinit$$00000033)
    .ARM.Collect$$libshutdown$$00000000      0x080001bc   Section        2  libshutdown.o(.ARM.Collect$$libshutdown$$00000000)
    .ARM.Collect$$libshutdown$$00000003      0x080001be   Section        0  libshutdown2.o(.ARM.Collect$$libshutdown$$00000003)
    .ARM.Collect$$libshutdown$$00000006      0x080001be   Section        0  libshutdown2.o(.ARM.Collect$$libshutdown$$00000006)
    .ARM.Collect$$libshutdown$$00000009      0x080001be   Section        0  libshutdown2.o(.ARM.Collect$$libshutdown$$00000009)
    .ARM.Collect$$libshutdown$$0000000B      0x080001be   Section        0  libshutdown2.o(.ARM.Collect$$libshutdown$$0000000B)
    .ARM.Collect$$libshutdown$$0000000E      0x080001be   Section        0  libshutdown2.o(.ARM.Collect$$libshutdown$$0000000E)
    .ARM.Collect$$libshutdown$$0000000F      0x080001be   Section        2  libshutdown2.o(.ARM.Collect$$libshutdown$$0000000F)
    .ARM.Collect$$rtentry$$00000000          0x080001c0   Section        0  __rtentry.o(.ARM.Collect$$rtentry$$00000000)
    .ARM.Collect$$rtentry$$00000002          0x080001c0   Section        0  __rtentry2.o(.ARM.Collect$$rtentry$$00000002)
    .ARM.Collect$$rtentry$$00000004          0x080001c0   Section        6  __rtentry4.o(.ARM.Collect$$rtentry$$00000004)
    .ARM.Collect$$rtentry$$00000009          0x080001c6   Section        0  __rtentry2.o(.ARM.Collect$$rtentry$$00000009)
    .ARM.Collect$$rtentry$$0000000A          0x080001c6   Section        4  __rtentry2.o(.ARM.Collect$$rtentry$$0000000A)
    .ARM.Collect$$rtentry$$0000000C          0x080001ca   Section        0  __rtentry2.o(.ARM.Collect$$rtentry$$0000000C)
    .ARM.Collect$$rtentry$$0000000D          0x080001ca   Section        8  __rtentry2.o(.ARM.Collect$$rtentry$$0000000D)
    .ARM.Collect$$rtexit$$00000000           0x080001d2   Section        2  rtexit.o(.ARM.Collect$$rtexit$$00000000)
    .ARM.Collect$$rtexit$$00000002           0x080001d4   Section        0  rtexit2.o(.ARM.Collect$$rtexit$$00000002)
    .ARM.Collect$$rtexit$$00000003           0x080001d4   Section        4  rtexit2.o(.ARM.Collect$$rtexit$$00000003)
    .ARM.Collect$$rtexit$$00000004           0x080001d8   Section        6  rtexit2.o(.ARM.Collect$$rtexit$$00000004)
    .text                                    0x080001e0   Section       64  startup_at32f403vx_xl.o(.text)
    $v0                                      0x080001e0   Number         0  startup_at32f403vx_xl.o(.text)
    .text                                    0x08000220   Section        0  heapauxi.o(.text)
    .text                                    0x08000226   Section       74  sys_stackheap_outer.o(.text)
    .text                                    0x08000270   Section        0  exit.o(.text)
    .text                                    0x0800027c   Section        8  libspace.o(.text)
    .text                                    0x08000284   Section        0  sys_exit.o(.text)
    .text                                    0x08000290   Section        2  use_no_semi.o(.text)
    .text                                    0x08000292   Section        0  indicate_semi.o(.text)
    i.BusFault_Handler                       0x08000292   Section        0  at32f4xx_it.o(i.BusFault_Handler)
    i.DebugMon_Handler                       0x08000296   Section        0  at32f4xx_it.o(i.DebugMon_Handler)
    i.GPIO_Init                              0x08000298   Section        0  at32f4xx_gpio.o(i.GPIO_Init)
    i.HardFault_Handler                      0x080003ae   Section        0  at32f4xx_it.o(i.HardFault_Handler)
    i.LcdWriCommand                          0x080003b4   Section        0  bsp_lcd.o(i.LcdWriCommand)
    LcdWriCommand                            0x080003b5   Thumb Code    34  bsp_lcd.o(i.LcdWriCommand)
    i.LcdWriData                             0x080003e0   Section        0  bsp_lcd.o(i.LcdWriData)
    LcdWriData                               0x080003e1   Thumb Code    34  bsp_lcd.o(i.LcdWriData)
    i.MemManage_Handler                      0x0800040c   Section        0  at32f4xx_it.o(i.MemManage_Handler)
    i.NMI_Handler                            0x08000410   Section        0  at32f4xx_it.o(i.NMI_Handler)
    i.PendSV_Handler                         0x08000412   Section        0  at32f4xx_it.o(i.PendSV_Handler)
    i.RCC_APB2PeriphClockCmd                 0x08000414   Section        0  at32f4xx_rcc.o(i.RCC_APB2PeriphClockCmd)
    i.SPI1_Config                            0x08000434   Section        0  bsp_spi.o(i.SPI1_Config)
    i.SPI_Enable                             0x08000488   Section        0  at32f4xx_spi.o(i.SPI_Enable)
    i.SPI_I2S_GetFlagStatus                  0x080004a0   Section        0  at32f4xx_spi.o(i.SPI_I2S_GetFlagStatus)
    i.SPI_I2S_TxData                         0x080004b2   Section        0  at32f4xx_spi.o(i.SPI_I2S_TxData)
    i.SPI_Init                               0x080004b6   Section        0  at32f4xx_spi.o(i.SPI_Init)
    i.SVC_Handler                            0x08000510   Section        0  at32f4xx_it.o(i.SVC_Handler)
    i.SetSysClock                            0x08000512   Section        0  system_at32f4xx.o(i.SetSysClock)
    SetSysClock                              0x08000513   Thumb Code     8  system_at32f4xx.o(i.SetSysClock)
    i.SetSysClockTo200M                      0x0800051c   Section        0  system_at32f4xx.o(i.SetSysClockTo200M)
    SetSysClockTo200M                        0x0800051d   Thumb Code   226  system_at32f4xx.o(i.SetSysClockTo200M)
    i.SysTick_CLKSourceConfig                0x0800060c   Section        0  misc.o(i.SysTick_CLKSourceConfig)
    i.SysTick_Handler                        0x08000634   Section        0  at32f4xx_it.o(i.SysTick_Handler)
    i.SystemInit                             0x08000644   Section        0  system_at32f4xx.o(i.SystemInit)
    i.UsageFault_Handler                     0x080006c8   Section        0  at32f4xx_it.o(i.UsageFault_Handler)
    i.WaitHseStbl                            0x080006cc   Section        0  system_at32f4xx.o(i.WaitHseStbl)
    WaitHseStbl                              0x080006cd   Thumb Code    12  system_at32f4xx.o(i.WaitHseStbl)
    i.bsp_led_init                           0x080006d8   Section        0  bsp_led.o(i.bsp_led_init)
    i.bsp_spi_gpio_init                      0x08000704   Section        0  bsp_spi.o(i.bsp_spi_gpio_init)
    i.delay_init                             0x08000768   Section        0  delay.o(i.delay_init)
    i.delay_ms                               0x080007ac   Section        0  delay.o(i.delay_ms)
    i.delay_us                               0x0800080c   Section        0  delay.o(i.delay_us)
    i.display_rgb                            0x08000858   Section        0  bsp_lcd.o(i.display_rgb)
    i.gd_WriteDAT                            0x0800087a   Section        0  bsp_lcd.o(i.gd_WriteDAT)
    gd_WriteDAT                              0x0800087b   Thumb Code    20  bsp_lcd.o(i.gd_WriteDAT)
    i.lcd_init                               0x08000890   Section        0  bsp_lcd.o(i.lcd_init)
    i.main                                   0x08000a78   Section        0  main.o(i.main)
    x$fpl$fpinit                             0x08000b14   Section       10  fpinit.o(x$fpl$fpinit)
    $v0                                      0x08000b14   Number         0  fpinit.o(x$fpl$fpinit)
    .data                                    0x20000000   Section        4  main.o(.data)
    .data                                    0x20000004   Section       20  system_at32f4xx.o(.data)
    .data                                    0x20000018   Section        4  delay.o(.data)
    fac_us                                   0x20000018   Data           1  delay.o(.data)
    fac_ms                                   0x2000001a   Data           2  delay.o(.data)
    .bss                                     0x2000001c   Section       96  libspace.o(.bss)
    HEAP                                     0x20000080   Section      512  startup_at32f403vx_xl.o(HEAP)
    Heap_Mem                                 0x20000080   Data         512  startup_at32f403vx_xl.o(HEAP)
    STACK                                    0x20000280   Section     1024  startup_at32f403vx_xl.o(STACK)
    Stack_Mem                                0x20000280   Data        1024  startup_at32f403vx_xl.o(STACK)
    __initial_sp                             0x20000680   Data           0  startup_at32f403vx_xl.o(STACK)

    Global Symbols

    Symbol Name                              Value     Ov Type        Size  Object(Section)

    BuildAttributes$$THM_ISAv4$E$P$D$K$B$S$7EM$VFPi3$EXTD16$VFPS$VFMA$PE$A:L22UL41UL21$X:L11$S22US41US21$IEEE1$IW$USESV6$~STKCKD$USESV7$~SHL$OSPACE$ROPI$EBA8$UX$STANDARDLIB$REQ8$PRES8$EABIv2 0x00000000   Number         0  anon$$obj.o ABSOLUTE
    __ARM_use_no_argv                        0x00000000   Number         0  main.o ABSOLUTE
    __ARM_exceptions_init                     - Undefined Weak Reference
    __alloca_initialize                       - Undefined Weak Reference
    __arm_preinit_                            - Undefined Weak Reference
    __cpp_initialize__aeabi_                  - Undefined Weak Reference
    __cxa_finalize                            - Undefined Weak Reference
    __rt_locale                               - Undefined Weak Reference
    __sigvec_lookup                           - Undefined Weak Reference
    _atexit_init                              - Undefined Weak Reference
    _call_atexit_fns                          - Undefined Weak Reference
    _clock_init                               - Undefined Weak Reference
    _fp_trap_init                             - Undefined Weak Reference
    _fp_trap_shutdown                         - Undefined Weak Reference
    _get_lc_collate                           - Undefined Weak Reference
    _get_lc_ctype                             - Undefined Weak Reference
    _get_lc_monetary                          - Undefined Weak Reference
    _get_lc_numeric                           - Undefined Weak Reference
    _get_lc_time                              - Undefined Weak Reference
    _getenv_init                              - Undefined Weak Reference
    _handle_redirection                       - Undefined Weak Reference
    _init_alloc                               - Undefined Weak Reference
    _init_user_alloc                          - Undefined Weak Reference
    _initio                                   - Undefined Weak Reference
    _rand_init                                - Undefined Weak Reference
    _signal_finish                            - Undefined Weak Reference
    _signal_init                              - Undefined Weak Reference
    _terminate_alloc                          - Undefined Weak Reference
    _terminate_user_alloc                     - Undefined Weak Reference
    _terminateio                              - Undefined Weak Reference
    __Vectors_Size                           0x00000140   Number         0  startup_at32f403vx_xl.o ABSOLUTE
    __Vectors                                0x08000000   Data           4  startup_at32f403vx_xl.o(RESET)
    __Vectors_End                            0x08000140   Data           0  startup_at32f403vx_xl.o(RESET)
    __main                                   0x08000141   Thumb Code     8  __main.o(!!!main)
    __scatterload                            0x08000149   Thumb Code     0  __scatter.o(!!!scatter)
    __scatterload_rt2                        0x08000149   Thumb Code    44  __scatter.o(!!!scatter)
    __scatterload_rt2_thumb_only             0x08000149   Thumb Code     0  __scatter.o(!!!scatter)
    __scatterload_null                       0x08000157   Thumb Code     0  __scatter.o(!!!scatter)
    __scatterload_copy                       0x0800017d   Thumb Code    26  __scatter_copy.o(!!handler_copy)
    __scatterload_zeroinit                   0x08000199   Thumb Code    28  __scatter_zi.o(!!handler_zi)
    __rt_lib_init                            0x080001b5   Thumb Code     0  libinit.o(.ARM.Collect$$libinit$$00000000)
    __rt_lib_init_fp_1                       0x080001b7   Thumb Code     0  libinit2.o(.ARM.Collect$$libinit$$00000001)
    __rt_lib_init_alloca_1                   0x080001bb   Thumb Code     0  libinit2.o(.ARM.Collect$$libinit$$0000002E)
    __rt_lib_init_argv_1                     0x080001bb   Thumb Code     0  libinit2.o(.ARM.Collect$$libinit$$0000002C)
    __rt_lib_init_atexit_1                   0x080001bb   Thumb Code     0  libinit2.o(.ARM.Collect$$libinit$$0000001B)
    __rt_lib_init_clock_1                    0x080001bb   Thumb Code     0  libinit2.o(.ARM.Collect$$libinit$$00000021)
    __rt_lib_init_cpp_1                      0x080001bb   Thumb Code     0  libinit2.o(.ARM.Collect$$libinit$$00000032)
    __rt_lib_init_exceptions_1               0x080001bb   Thumb Code     0  libinit2.o(.ARM.Collect$$libinit$$00000030)
    __rt_lib_init_fp_trap_1                  0x080001bb   Thumb Code     0  libinit2.o(.ARM.Collect$$libinit$$0000001F)
    __rt_lib_init_getenv_1                   0x080001bb   Thumb Code     0  libinit2.o(.ARM.Collect$$libinit$$00000023)
    __rt_lib_init_heap_1                     0x080001bb   Thumb Code     0  libinit2.o(.ARM.Collect$$libinit$$0000000A)
    __rt_lib_init_lc_collate_1               0x080001bb   Thumb Code     0  libinit2.o(.ARM.Collect$$libinit$$00000011)
    __rt_lib_init_lc_ctype_1                 0x080001bb   Thumb Code     0  libinit2.o(.ARM.Collect$$libinit$$00000013)
    __rt_lib_init_lc_monetary_1              0x080001bb   Thumb Code     0  libinit2.o(.ARM.Collect$$libinit$$00000015)
    __rt_lib_init_lc_numeric_1               0x080001bb   Thumb Code     0  libinit2.o(.ARM.Collect$$libinit$$00000017)
    __rt_lib_init_lc_time_1                  0x080001bb   Thumb Code     0  libinit2.o(.ARM.Collect$$libinit$$00000019)
    __rt_lib_init_preinit_1                  0x080001bb   Thumb Code     0  libinit2.o(.ARM.Collect$$libinit$$00000004)
    __rt_lib_init_rand_1                     0x080001bb   Thumb Code     0  libinit2.o(.ARM.Collect$$libinit$$0000000E)
    __rt_lib_init_return                     0x080001bb   Thumb Code     0  libinit2.o(.ARM.Collect$$libinit$$00000033)
    __rt_lib_init_signal_1                   0x080001bb   Thumb Code     0  libinit2.o(.ARM.Collect$$libinit$$0000001D)
    __rt_lib_init_stdio_1                    0x080001bb   Thumb Code     0  libinit2.o(.ARM.Collect$$libinit$$00000025)
    __rt_lib_init_user_alloc_1               0x080001bb   Thumb Code     0  libinit2.o(.ARM.Collect$$libinit$$0000000C)
    __rt_lib_shutdown                        0x080001bd   Thumb Code     0  libshutdown.o(.ARM.Collect$$libshutdown$$00000000)
    __rt_lib_shutdown_fp_trap_1              0x080001bf   Thumb Code     0  libshutdown2.o(.ARM.Collect$$libshutdown$$00000006)
    __rt_lib_shutdown_heap_1                 0x080001bf   Thumb Code     0  libshutdown2.o(.ARM.Collect$$libshutdown$$0000000E)
    __rt_lib_shutdown_return                 0x080001bf   Thumb Code     0  libshutdown2.o(.ARM.Collect$$libshutdown$$0000000F)
    __rt_lib_shutdown_signal_1               0x080001bf   Thumb Code     0  libshutdown2.o(.ARM.Collect$$libshutdown$$00000009)
    __rt_lib_shutdown_stdio_1                0x080001bf   Thumb Code     0  libshutdown2.o(.ARM.Collect$$libshutdown$$00000003)
    __rt_lib_shutdown_user_alloc_1           0x080001bf   Thumb Code     0  libshutdown2.o(.ARM.Collect$$libshutdown$$0000000B)
    __rt_entry                               0x080001c1   Thumb Code     0  __rtentry.o(.ARM.Collect$$rtentry$$00000000)
    __rt_entry_presh_1                       0x080001c1   Thumb Code     0  __rtentry2.o(.ARM.Collect$$rtentry$$00000002)
    __rt_entry_sh                            0x080001c1   Thumb Code     0  __rtentry4.o(.ARM.Collect$$rtentry$$00000004)
    __rt_entry_li                            0x080001c7   Thumb Code     0  __rtentry2.o(.ARM.Collect$$rtentry$$0000000A)
    __rt_entry_postsh_1                      0x080001c7   Thumb Code     0  __rtentry2.o(.ARM.Collect$$rtentry$$00000009)
    __rt_entry_main                          0x080001cb   Thumb Code     0  __rtentry2.o(.ARM.Collect$$rtentry$$0000000D)
    __rt_entry_postli_1                      0x080001cb   Thumb Code     0  __rtentry2.o(.ARM.Collect$$rtentry$$0000000C)
    __rt_exit                                0x080001d3   Thumb Code     0  rtexit.o(.ARM.Collect$$rtexit$$00000000)
    __rt_exit_ls                             0x080001d5   Thumb Code     0  rtexit2.o(.ARM.Collect$$rtexit$$00000003)
    __rt_exit_prels_1                        0x080001d5   Thumb Code     0  rtexit2.o(.ARM.Collect$$rtexit$$00000002)
    __rt_exit_exit                           0x080001d9   Thumb Code     0  rtexit2.o(.ARM.Collect$$rtexit$$00000004)
    Reset_Handler                            0x080001e1   Thumb Code     8  startup_at32f403vx_xl.o(.text)
    ADC1_2_IRQHandler                        0x080001fb   Thumb Code     0  startup_at32f403vx_xl.o(.text)
    ADC3_IRQHandler                          0x080001fb   Thumb Code     0  startup_at32f403vx_xl.o(.text)
    CAN1_RX1_IRQHandler                      0x080001fb   Thumb Code     0  startup_at32f403vx_xl.o(.text)
    CAN1_SCE_IRQHandler                      0x080001fb   Thumb Code     0  startup_at32f403vx_xl.o(.text)
    DMA1_Channel1_IRQHandler                 0x080001fb   Thumb Code     0  startup_at32f403vx_xl.o(.text)
    DMA1_Channel2_IRQHandler                 0x080001fb   Thumb Code     0  startup_at32f403vx_xl.o(.text)
    DMA1_Channel3_IRQHandler                 0x080001fb   Thumb Code     0  startup_at32f403vx_xl.o(.text)
    DMA1_Channel4_IRQHandler                 0x080001fb   Thumb Code     0  startup_at32f403vx_xl.o(.text)
    DMA1_Channel5_IRQHandler                 0x080001fb   Thumb Code     0  startup_at32f403vx_xl.o(.text)
    DMA1_Channel6_IRQHandler                 0x080001fb   Thumb Code     0  startup_at32f403vx_xl.o(.text)
    DMA1_Channel7_IRQHandler                 0x080001fb   Thumb Code     0  startup_at32f403vx_xl.o(.text)
    DMA2_Channel1_IRQHandler                 0x080001fb   Thumb Code     0  startup_at32f403vx_xl.o(.text)
    DMA2_Channel2_IRQHandler                 0x080001fb   Thumb Code     0  startup_at32f403vx_xl.o(.text)
    DMA2_Channel3_IRQHandler                 0x080001fb   Thumb Code     0  startup_at32f403vx_xl.o(.text)
    DMA2_Channel4_5_IRQHandler               0x080001fb   Thumb Code     0  startup_at32f403vx_xl.o(.text)
    EXTI0_IRQHandler                         0x080001fb   Thumb Code     0  startup_at32f403vx_xl.o(.text)
    EXTI15_10_IRQHandler                     0x080001fb   Thumb Code     0  startup_at32f403vx_xl.o(.text)
    EXTI1_IRQHandler                         0x080001fb   Thumb Code     0  startup_at32f403vx_xl.o(.text)
    EXTI2_IRQHandler                         0x080001fb   Thumb Code     0  startup_at32f403vx_xl.o(.text)
    EXTI3_IRQHandler                         0x080001fb   Thumb Code     0  startup_at32f403vx_xl.o(.text)
    EXTI4_IRQHandler                         0x080001fb   Thumb Code     0  startup_at32f403vx_xl.o(.text)
    EXTI9_5_IRQHandler                       0x080001fb   Thumb Code     0  startup_at32f403vx_xl.o(.text)
    FLASH_IRQHandler                         0x080001fb   Thumb Code     0  startup_at32f403vx_xl.o(.text)
    I2C1_ER_IRQHandler                       0x080001fb   Thumb Code     0  startup_at32f403vx_xl.o(.text)
    I2C1_EV_IRQHandler                       0x080001fb   Thumb Code     0  startup_at32f403vx_xl.o(.text)
    I2C2_ER_IRQHandler                       0x080001fb   Thumb Code     0  startup_at32f403vx_xl.o(.text)
    I2C2_EV_IRQHandler                       0x080001fb   Thumb Code     0  startup_at32f403vx_xl.o(.text)
    I2C3_ER_IRQHandler                       0x080001fb   Thumb Code     0  startup_at32f403vx_xl.o(.text)
    I2C3_EV_IRQHandler                       0x080001fb   Thumb Code     0  startup_at32f403vx_xl.o(.text)
    PVD_IRQHandler                           0x080001fb   Thumb Code     0  startup_at32f403vx_xl.o(.text)
    RCC_IRQHandler                           0x080001fb   Thumb Code     0  startup_at32f403vx_xl.o(.text)
    RTCAlarm_IRQHandler                      0x080001fb   Thumb Code     0  startup_at32f403vx_xl.o(.text)
    RTC_IRQHandler                           0x080001fb   Thumb Code     0  startup_at32f403vx_xl.o(.text)
    SDIO1_IRQHandler                         0x080001fb   Thumb Code     0  startup_at32f403vx_xl.o(.text)
    SDIO2_IRQHandler                         0x080001fb   Thumb Code     0  startup_at32f403vx_xl.o(.text)
    SPI1_IRQHandler                          0x080001fb   Thumb Code     0  startup_at32f403vx_xl.o(.text)
    SPI2_IRQHandler                          0x080001fb   Thumb Code     0  startup_at32f403vx_xl.o(.text)
    SPI3_IRQHandler                          0x080001fb   Thumb Code     0  startup_at32f403vx_xl.o(.text)
    SPI4_IRQHandler                          0x080001fb   Thumb Code     0  startup_at32f403vx_xl.o(.text)
    TAMPER_IRQHandler                        0x080001fb   Thumb Code     0  startup_at32f403vx_xl.o(.text)
    TMR1_BRK_TMR9_IRQHandler                 0x080001fb   Thumb Code     0  startup_at32f403vx_xl.o(.text)
    TMR1_CC_IRQHandler                       0x080001fb   Thumb Code     0  startup_at32f403vx_xl.o(.text)
    TMR1_OV_TMR10_IRQHandler                 0x080001fb   Thumb Code     0  startup_at32f403vx_xl.o(.text)
    TMR1_TRG_HALL_TMR11_IRQHandler           0x080001fb   Thumb Code     0  startup_at32f403vx_xl.o(.text)
    TMR2_GLOBAL_IRQHandler                   0x080001fb   Thumb Code     0  startup_at32f403vx_xl.o(.text)
    TMR3_GLOBAL_IRQHandler                   0x080001fb   Thumb Code     0  startup_at32f403vx_xl.o(.text)
    TMR4_GLOBAL_IRQHandler                   0x080001fb   Thumb Code     0  startup_at32f403vx_xl.o(.text)
    TMR5_GLOBAL_IRQHandler                   0x080001fb   Thumb Code     0  startup_at32f403vx_xl.o(.text)
    TMR6_GLOBAL_IRQHandler                   0x080001fb   Thumb Code     0  startup_at32f403vx_xl.o(.text)
    TMR7_GLOBAL_IRQHandler                   0x080001fb   Thumb Code     0  startup_at32f403vx_xl.o(.text)
    TMR8_BRK_TMR12_IRQHandler                0x080001fb   Thumb Code     0  startup_at32f403vx_xl.o(.text)
    TMR8_CC_IRQHandler                       0x080001fb   Thumb Code     0  startup_at32f403vx_xl.o(.text)
    TMR8_OV_TMR13_IRQHandler                 0x080001fb   Thumb Code     0  startup_at32f403vx_xl.o(.text)
    TMR8_TRG_HALL_TMR14_IRQHandler           0x080001fb   Thumb Code     0  startup_at32f403vx_xl.o(.text)
    UART4_IRQHandler                         0x080001fb   Thumb Code     0  startup_at32f403vx_xl.o(.text)
    UART5_IRQHandler                         0x080001fb   Thumb Code     0  startup_at32f403vx_xl.o(.text)
    USART1_IRQHandler                        0x080001fb   Thumb Code     0  startup_at32f403vx_xl.o(.text)
    USART2_IRQHandler                        0x080001fb   Thumb Code     0  startup_at32f403vx_xl.o(.text)
    USART3_IRQHandler                        0x080001fb   Thumb Code     0  startup_at32f403vx_xl.o(.text)
    USBWakeUp_IRQHandler                     0x080001fb   Thumb Code     0  startup_at32f403vx_xl.o(.text)
    USB_HP_CAN1_TX_IRQHandler                0x080001fb   Thumb Code     0  startup_at32f403vx_xl.o(.text)
    USB_LP_CAN1_RX0_IRQHandler               0x080001fb   Thumb Code     0  startup_at32f403vx_xl.o(.text)
    WWDG_IRQHandler                          0x080001fb   Thumb Code     0  startup_at32f403vx_xl.o(.text)
    XMC_IRQHandler                           0x080001fb   Thumb Code     0  startup_at32f403vx_xl.o(.text)
    __user_initial_stackheap                 0x080001fd   Thumb Code     0  startup_at32f403vx_xl.o(.text)
    __use_two_region_memory                  0x08000221   Thumb Code     2  heapauxi.o(.text)
    __rt_heap_escrow$2region                 0x08000223   Thumb Code     2  heapauxi.o(.text)
    __rt_heap_expand$2region                 0x08000225   Thumb Code     2  heapauxi.o(.text)
    __user_setup_stackheap                   0x08000227   Thumb Code    74  sys_stackheap_outer.o(.text)
    exit                                     0x08000271   Thumb Code    12  exit.o(.text)
    __user_libspace                          0x0800027d   Thumb Code     8  libspace.o(.text)
    __user_perproc_libspace                  0x0800027d   Thumb Code     0  libspace.o(.text)
    __user_perthread_libspace                0x0800027d   Thumb Code     0  libspace.o(.text)
    _sys_exit                                0x08000285   Thumb Code     8  sys_exit.o(.text)
    __I$use$semihosting                      0x08000291   Thumb Code     0  use_no_semi.o(.text)
    __use_no_semihosting_swi                 0x08000291   Thumb Code     2  use_no_semi.o(.text)
    BusFault_Handler                         0x08000293   Thumb Code     4  at32f4xx_it.o(i.BusFault_Handler)
    __semihosting_library_function           0x08000293   Thumb Code     0  indicate_semi.o(.text)
    DebugMon_Handler                         0x08000297   Thumb Code     2  at32f4xx_it.o(i.DebugMon_Handler)
    GPIO_Init                                0x08000299   Thumb Code   278  at32f4xx_gpio.o(i.GPIO_Init)
    HardFault_Handler                        0x080003af   Thumb Code     4  at32f4xx_it.o(i.HardFault_Handler)
    MemManage_Handler                        0x0800040d   Thumb Code     4  at32f4xx_it.o(i.MemManage_Handler)
    NMI_Handler                              0x08000411   Thumb Code     2  at32f4xx_it.o(i.NMI_Handler)
    PendSV_Handler                           0x08000413   Thumb Code     2  at32f4xx_it.o(i.PendSV_Handler)
    RCC_APB2PeriphClockCmd                   0x08000415   Thumb Code    26  at32f4xx_rcc.o(i.RCC_APB2PeriphClockCmd)
    SPI1_Config                              0x08000435   Thumb Code    80  bsp_spi.o(i.SPI1_Config)
    SPI_Enable                               0x08000489   Thumb Code    24  at32f4xx_spi.o(i.SPI_Enable)
    SPI_I2S_GetFlagStatus                    0x080004a1   Thumb Code    18  at32f4xx_spi.o(i.SPI_I2S_GetFlagStatus)
    SPI_I2S_TxData                           0x080004b3   Thumb Code     4  at32f4xx_spi.o(i.SPI_I2S_TxData)
    SPI_Init                                 0x080004b7   Thumb Code    90  at32f4xx_spi.o(i.SPI_Init)
    SVC_Handler                              0x08000511   Thumb Code     2  at32f4xx_it.o(i.SVC_Handler)
    SysTick_CLKSourceConfig                  0x0800060d   Thumb Code    40  misc.o(i.SysTick_CLKSourceConfig)
    SysTick_Handler                          0x08000635   Thumb Code    12  at32f4xx_it.o(i.SysTick_Handler)
    SystemInit                               0x08000645   Thumb Code   106  system_at32f4xx.o(i.SystemInit)
    UsageFault_Handler                       0x080006c9   Thumb Code     4  at32f4xx_it.o(i.UsageFault_Handler)
    bsp_led_init                             0x080006d9   Thumb Code    38  bsp_led.o(i.bsp_led_init)
    bsp_spi_gpio_init                        0x08000705   Thumb Code    94  bsp_spi.o(i.bsp_spi_gpio_init)
    delay_init                               0x08000769   Thumb Code    52  delay.o(i.delay_init)
    delay_ms                                 0x080007ad   Thumb Code    82  delay.o(i.delay_ms)
    delay_us                                 0x0800080d   Thumb Code    72  delay.o(i.delay_us)
    display_rgb                              0x08000859   Thumb Code    34  bsp_lcd.o(i.display_rgb)
    lcd_init                                 0x08000891   Thumb Code   480  bsp_lcd.o(i.lcd_init)
    main                                     0x08000a79   Thumb Code   136  main.o(i.main)
    _fp_init                                 0x08000b15   Thumb Code    10  fpinit.o(x$fpl$fpinit)
    __fplib_config_fpu_vfp                   0x08000b1d   Thumb Code     0  fpinit.o(x$fpl$fpinit)
    __fplib_config_pureend_doubles           0x08000b1d   Thumb Code     0  fpinit.o(x$fpl$fpinit)
    Region$$Table$$Base                      0x08000b20   Number         0  anon$$obj.o(Region$$Table)
    Region$$Table$$Limit                     0x08000b40   Number         0  anon$$obj.o(Region$$Table)
    count                                    0x20000000   Data           4  main.o(.data)
    SystemCoreClock                          0x20000004   Data           4  system_at32f4xx.o(.data)
    AHBPscTable                              0x20000008   Data          16  system_at32f4xx.o(.data)
    __libspace_start                         0x2000001c   Data          96  libspace.o(.bss)
    __temporary_stack_top$libspace           0x2000007c   Data           0  libspace.o(.bss)



==============================================================================

Memory Map of the image

  Image Entry point : 0x08000141

  Load Region LR_IROM1 (Base: 0x08000000, Size: 0x00000b5c, Max: 0x00100000, ABSOLUTE)

    Execution Region ER_IROM1 (Base: 0x08000000, Size: 0x00000b40, Max: 0x00100000, ABSOLUTE)

    Base Addr    Size         Type   Attr      Idx    E Section Name        Object

    0x08000000   0x00000140   Data   RO          219    RESET               startup_at32f403vx_xl.o
    0x08000140   0x00000008   Code   RO          963  * !!!main             c_w.l(__main.o)
    0x08000148   0x00000034   Code   RO         1119    !!!scatter          c_w.l(__scatter.o)
    0x0800017c   0x0000001a   Code   RO         1121    !!handler_copy      c_w.l(__scatter_copy.o)
    0x08000196   0x00000002   PAD
    0x08000198   0x0000001c   Code   RO         1123    !!handler_zi        c_w.l(__scatter_zi.o)
    0x080001b4   0x00000002   Code   RO          990    .ARM.Collect$$libinit$$00000000  c_w.l(libinit.o)
    0x080001b6   0x00000004   Code   RO          996    .ARM.Collect$$libinit$$00000001  c_w.l(libinit2.o)
    0x080001ba   0x00000000   Code   RO          999    .ARM.Collect$$libinit$$00000004  c_w.l(libinit2.o)
    0x080001ba   0x00000000   Code   RO         1002    .ARM.Collect$$libinit$$0000000A  c_w.l(libinit2.o)
    0x080001ba   0x00000000   Code   RO         1004    .ARM.Collect$$libinit$$0000000C  c_w.l(libinit2.o)
    0x080001ba   0x00000000   Code   RO         1006    .ARM.Collect$$libinit$$0000000E  c_w.l(libinit2.o)
    0x080001ba   0x00000000   Code   RO         1009    .ARM.Collect$$libinit$$00000011  c_w.l(libinit2.o)
    0x080001ba   0x00000000   Code   RO         1011    .ARM.Collect$$libinit$$00000013  c_w.l(libinit2.o)
    0x080001ba   0x00000000   Code   RO         1013    .ARM.Collect$$libinit$$00000015  c_w.l(libinit2.o)
    0x080001ba   0x00000000   Code   RO         1015    .ARM.Collect$$libinit$$00000017  c_w.l(libinit2.o)
    0x080001ba   0x00000000   Code   RO         1017    .ARM.Collect$$libinit$$00000019  c_w.l(libinit2.o)
    0x080001ba   0x00000000   Code   RO         1019    .ARM.Collect$$libinit$$0000001B  c_w.l(libinit2.o)
    0x080001ba   0x00000000   Code   RO         1021    .ARM.Collect$$libinit$$0000001D  c_w.l(libinit2.o)
    0x080001ba   0x00000000   Code   RO         1023    .ARM.Collect$$libinit$$0000001F  c_w.l(libinit2.o)
    0x080001ba   0x00000000   Code   RO         1025    .ARM.Collect$$libinit$$00000021  c_w.l(libinit2.o)
    0x080001ba   0x00000000   Code   RO         1027    .ARM.Collect$$libinit$$00000023  c_w.l(libinit2.o)
    0x080001ba   0x00000000   Code   RO         1029    .ARM.Collect$$libinit$$00000025  c_w.l(libinit2.o)
    0x080001ba   0x00000000   Code   RO         1033    .ARM.Collect$$libinit$$0000002C  c_w.l(libinit2.o)
    0x080001ba   0x00000000   Code   RO         1035    .ARM.Collect$$libinit$$0000002E  c_w.l(libinit2.o)
    0x080001ba   0x00000000   Code   RO         1037    .ARM.Collect$$libinit$$00000030  c_w.l(libinit2.o)
    0x080001ba   0x00000000   Code   RO         1039    .ARM.Collect$$libinit$$00000032  c_w.l(libinit2.o)
    0x080001ba   0x00000002   Code   RO         1040    .ARM.Collect$$libinit$$00000033  c_w.l(libinit2.o)
    0x080001bc   0x00000002   Code   RO         1060    .ARM.Collect$$libshutdown$$00000000  c_w.l(libshutdown.o)
    0x080001be   0x00000000   Code   RO         1074    .ARM.Collect$$libshutdown$$00000003  c_w.l(libshutdown2.o)
    0x080001be   0x00000000   Code   RO         1077    .ARM.Collect$$libshutdown$$00000006  c_w.l(libshutdown2.o)
    0x080001be   0x00000000   Code   RO         1080    .ARM.Collect$$libshutdown$$00000009  c_w.l(libshutdown2.o)
    0x080001be   0x00000000   Code   RO         1082    .ARM.Collect$$libshutdown$$0000000B  c_w.l(libshutdown2.o)
    0x080001be   0x00000000   Code   RO         1085    .ARM.Collect$$libshutdown$$0000000E  c_w.l(libshutdown2.o)
    0x080001be   0x00000002   Code   RO         1086    .ARM.Collect$$libshutdown$$0000000F  c_w.l(libshutdown2.o)
    0x080001c0   0x00000000   Code   RO          965    .ARM.Collect$$rtentry$$00000000  c_w.l(__rtentry.o)
    0x080001c0   0x00000000   Code   RO          967    .ARM.Collect$$rtentry$$00000002  c_w.l(__rtentry2.o)
    0x080001c0   0x00000006   Code   RO          979    .ARM.Collect$$rtentry$$00000004  c_w.l(__rtentry4.o)
    0x080001c6   0x00000000   Code   RO          969    .ARM.Collect$$rtentry$$00000009  c_w.l(__rtentry2.o)
    0x080001c6   0x00000004   Code   RO          970    .ARM.Collect$$rtentry$$0000000A  c_w.l(__rtentry2.o)
    0x080001ca   0x00000000   Code   RO          972    .ARM.Collect$$rtentry$$0000000C  c_w.l(__rtentry2.o)
    0x080001ca   0x00000008   Code   RO          973    .ARM.Collect$$rtentry$$0000000D  c_w.l(__rtentry2.o)
    0x080001d2   0x00000002   Code   RO          994    .ARM.Collect$$rtexit$$00000000  c_w.l(rtexit.o)
    0x080001d4   0x00000000   Code   RO         1042    .ARM.Collect$$rtexit$$00000002  c_w.l(rtexit2.o)
    0x080001d4   0x00000004   Code   RO         1043    .ARM.Collect$$rtexit$$00000003  c_w.l(rtexit2.o)
    0x080001d8   0x00000006   Code   RO         1044    .ARM.Collect$$rtexit$$00000004  c_w.l(rtexit2.o)
    0x080001de   0x00000002   PAD
    0x080001e0   0x00000040   Code   RO          220    .text               startup_at32f403vx_xl.o
    0x08000220   0x00000006   Code   RO          961    .text               c_w.l(heapauxi.o)
    0x08000226   0x0000004a   Code   RO          981    .text               c_w.l(sys_stackheap_outer.o)
    0x08000270   0x0000000c   Code   RO          983    .text               c_w.l(exit.o)
    0x0800027c   0x00000008   Code   RO          991    .text               c_w.l(libspace.o)
    0x08000284   0x0000000c   Code   RO         1052    .text               c_w.l(sys_exit.o)
    0x08000290   0x00000002   Code   RO         1063    .text               c_w.l(use_no_semi.o)
    0x08000292   0x00000000   Code   RO         1065    .text               c_w.l(indicate_semi.o)
    0x08000292   0x00000004   Code   RO          144    i.BusFault_Handler  at32f4xx_it.o
    0x08000296   0x00000002   Code   RO          145    i.DebugMon_Handler  at32f4xx_it.o
    0x08000298   0x00000116   Code   RO          553    i.GPIO_Init         at32f4xx_gpio.o
    0x080003ae   0x00000004   Code   RO          146    i.HardFault_Handler  at32f4xx_it.o
    0x080003b2   0x00000002   PAD
    0x080003b4   0x0000002c   Code   RO          879    i.LcdWriCommand     bsp_lcd.o
    0x080003e0   0x0000002c   Code   RO          880    i.LcdWriData        bsp_lcd.o
    0x0800040c   0x00000004   Code   RO          147    i.MemManage_Handler  at32f4xx_it.o
    0x08000410   0x00000002   Code   RO          148    i.NMI_Handler       at32f4xx_it.o
    0x08000412   0x00000002   Code   RO          149    i.PendSV_Handler    at32f4xx_it.o
    0x08000414   0x00000020   Code   RO          285    i.RCC_APB2PeriphClockCmd  at32f4xx_rcc.o
    0x08000434   0x00000054   Code   RO          849    i.SPI1_Config       bsp_spi.o
    0x08000488   0x00000018   Code   RO          674    i.SPI_Enable        at32f4xx_spi.o
    0x080004a0   0x00000012   Code   RO          682    i.SPI_I2S_GetFlagStatus  at32f4xx_spi.o
    0x080004b2   0x00000004   Code   RO          687    i.SPI_I2S_TxData    at32f4xx_spi.o
    0x080004b6   0x0000005a   Code   RO          688    i.SPI_Init          at32f4xx_spi.o
    0x08000510   0x00000002   Code   RO          150    i.SVC_Handler       at32f4xx_it.o
    0x08000512   0x00000008   Code   RO          227    i.SetSysClock       system_at32f4xx.o
    0x0800051a   0x00000002   PAD
    0x0800051c   0x000000f0   Code   RO          228    i.SetSysClockTo200M  system_at32f4xx.o
    0x0800060c   0x00000028   Code   RO          505    i.SysTick_CLKSourceConfig  misc.o
    0x08000634   0x00000010   Code   RO          151    i.SysTick_Handler   at32f4xx_it.o
    0x08000644   0x00000084   Code   RO          230    i.SystemInit        system_at32f4xx.o
    0x080006c8   0x00000004   Code   RO          152    i.UsageFault_Handler  at32f4xx_it.o
    0x080006cc   0x0000000c   Code   RO          231    i.WaitHseStbl       system_at32f4xx.o
    0x080006d8   0x0000002c   Code   RO          825    i.bsp_led_init      bsp_led.o
    0x08000704   0x00000064   Code   RO          850    i.bsp_spi_gpio_init  bsp_spi.o
    0x08000768   0x00000044   Code   RO          924    i.delay_init        delay.o
    0x080007ac   0x00000060   Code   RO          925    i.delay_ms          delay.o
    0x0800080c   0x0000004c   Code   RO          926    i.delay_us          delay.o
    0x08000858   0x00000022   Code   RO          881    i.display_rgb       bsp_lcd.o
    0x0800087a   0x00000014   Code   RO          882    i.gd_WriteDAT       bsp_lcd.o
    0x0800088e   0x00000002   PAD
    0x08000890   0x000001e8   Code   RO          883    i.lcd_init          bsp_lcd.o
    0x08000a78   0x0000009c   Code   RO            4    i.main              main.o
    0x08000b14   0x0000000a   Code   RO         1050    x$fpl$fpinit        fz_wm.l(fpinit.o)
    0x08000b1e   0x00000002   PAD
    0x08000b20   0x00000020   Data   RO         1117    Region$$Table       anon$$obj.o


    Execution Region RW_IRAM1 (Base: 0x20000000, Size: 0x00000680, Max: 0x00038000, ABSOLUTE)

    Base Addr    Size         Type   Attr      Idx    E Section Name        Object

    0x20000000   0x00000004   Data   RW            5    .data               main.o
    0x20000004   0x00000014   Data   RW          232    .data               system_at32f4xx.o
    0x20000018   0x00000004   Data   RW          927    .data               delay.o
    0x2000001c   0x00000060   Zero   RW          992    .bss                c_w.l(libspace.o)
    0x2000007c   0x00000004   PAD
    0x20000080   0x00000200   Zero   RW          218    HEAP                startup_at32f403vx_xl.o
    0x20000280   0x00000400   Zero   RW          217    STACK               startup_at32f403vx_xl.o


==============================================================================

Image component sizes


      Code (inc. data)   RO Data    RW Data    ZI Data      Debug   Object Name

       278          0          0          0          0       1920   at32f4xx_gpio.o
        40          4          0          0          0       4158   at32f4xx_it.o
        32          6          0          0          0        585   at32f4xx_rcc.o
       136          0          0          0          0       3317   at32f4xx_spi.o
       630         28          0          0          0       2873   bsp_lcd.o
        44          6          0          0          0        511   bsp_led.o
       184         10          0          0          0       1166   bsp_spi.o
       240         34          0          4          0       1855   delay.o
       156         20          0          4          0     228995   main.o
        40          0          0          0          0        538   misc.o
        64         26        320          0       1536        828   startup_at32f403vx_xl.o
       392         40          0         20          0       2743   system_at32f4xx.o

    ----------------------------------------------------------------------
      2242        174        352         28       1536     249489   Object Totals
         0          0         32          0          0          0   (incl. Generated)
         6          0          0          0          0          0   (incl. Padding)

    ----------------------------------------------------------------------

      Code (inc. data)   RO Data    RW Data    ZI Data      Debug   Library Member Name

         8          0          0          0          0         68   __main.o
         0          0          0          0          0          0   __rtentry.o
        12          0          0          0          0          0   __rtentry2.o
         6          0          0          0          0          0   __rtentry4.o
        52          8          0          0          0          0   __scatter.o
        26          0          0          0          0          0   __scatter_copy.o
        28          0          0          0          0          0   __scatter_zi.o
        12          0          0          0          0         72   exit.o
         6          0          0          0          0        152   heapauxi.o
         0          0          0          0          0          0   indicate_semi.o
         2          0          0          0          0          0   libinit.o
         6          0          0          0          0          0   libinit2.o
         2          0          0          0          0          0   libshutdown.o
         2          0          0          0          0          0   libshutdown2.o
         8          4          0          0         96         68   libspace.o
         2          0          0          0          0          0   rtexit.o
        10          0          0          0          0          0   rtexit2.o
        12          4          0          0          0         68   sys_exit.o
        74          0          0          0          0         80   sys_stackheap_outer.o
         2          0          0          0          0         68   use_no_semi.o
        10          0          0          0          0        116   fpinit.o

    ----------------------------------------------------------------------
       286         16          0          0        100        692   Library Totals
         6          0          0          0          4          0   (incl. Padding)

    ----------------------------------------------------------------------

      Code (inc. data)   RO Data    RW Data    ZI Data      Debug   Library Name

       270         16          0          0         96        576   c_w.l
        10          0          0          0          0        116   fz_wm.l

    ----------------------------------------------------------------------
       286         16          0          0        100        692   Library Totals

    ----------------------------------------------------------------------

==============================================================================


      Code (inc. data)   RO Data    RW Data    ZI Data      Debug   

      2528        190        352         28       1636     247325   Grand Totals
      2528        190        352         28       1636     247325   ELF Image Totals
      2528        190        352         28          0          0   ROM Totals

==============================================================================

    Total RO  Size (Code + RO Data)                 2880 (   2.81kB)
    Total RW  Size (RW Data + ZI Data)              1664 (   1.63kB)
    Total ROM Size (Code + RO Data + RW Data)       2908 (   2.84kB)

==============================================================================

